// Jest Snapshot v1, https://goo.gl/fbAQLP

exports[`AnimatedHeader renders as expected - Component API should match snapshot 1`] = `
<div>
  <section
    class="clabs-animated-header false"
  >
    <div
      class="cds--css-grid"
    >
      <div
        class="clabs-animated-header__gradient--overlay"
      />
      <div
        class="clabs-animated-header__container--gradient"
      />
      <div
        class="clabs-animated-header__lottie-animation--container"
      >
        <div
          class="clabs-animated-header__lottie-animation false"
        />
      </div>
      <div
        class="cds--sm:col-span-4 cds--md:col-span-8 cds--lg:col-span-16 cds--css-grid-column"
      >
        <span
          class="cds--popover-container cds--popover--caret cds--popover--high-contrast cds--popover--bottom cds--tooltip"
        >
          <div
            class="cds--tooltip-trigger__wrapper"
          >
            <h1
              aria-labelledby="tooltip-:r0:"
              class="clabs-animated-header__heading "
            >
              <span
                class="clabs-animated-header__heading-welcome"
              >
                Welcome,
                 
              </span>
              <span
                class="clabs-animated-header__heading-name"
              />
            </h1>
          </div>
          <span
            aria-hidden="true"
            class="cds--popover"
            id="tooltip-:r0:"
            role="tooltip"
          >
            <span
              class="cds--popover-content cds--tooltip-content"
            >
              Welcome, undefined
            </span>
            <span
              class="cds--popover-caret"
            />
          </span>
        </span>
      </div>
      <div
        class="clabs-animated-header__button-collapse--gradient"
      />
      <div
        class="clabs-animated-header__button-collapse--container"
      >
        <button
          class="cds--btn cds--btn--ghost"
          id="clabs-animated-header__button-collapse"
          type="button"
        >
          Collapse
          <svg
            aria-hidden="true"
            class="cds--btn__icon"
            fill="currentColor"
            focusable="false"
            height="16"
            preserveAspectRatio="xMidYMid meet"
            viewBox="0 0 16 16"
            width="16"
            xmlns="http://www.w3.org/2000/svg"
          >
            <path
              d="M8 5L13 10 12.3 10.7 8 6.4 3.7 10.7 3 10z"
            />
          </svg>
        </button>
      </div>
    </div>
  </section>
</div>
`;
