// Jest Snapshot v1, https://goo.gl/fbAQLP

exports[`Processing renders as expected - Component API should match snapshot 1`] = `
<div>
  <div
    class="clabs--processing clabs--processing__linear"
  >
    <svg
      class="clabs--processing__dots"
      viewBox="0 0 32 32"
    >
      <circle
        class="clabs--processing__dot clabs--processing__dot--left"
        cx="8"
        cy="16"
      />
      <circle
        class="clabs--processing__dot clabs--processing__dot--center"
        cx="16"
        cy="16"
        r="2"
      />
      <circle
        class="clabs--processing__dot clabs--processing__dot--right"
        cx="24"
        cy="16"
        r="2"
      />
    </svg>
  </div>
</div>
`;
