// Jest Snapshot v1, https://goo.gl/fbAQLP

exports[`SplitPanel renders as expected - Component API should match snapshot 1`] = `
<div>
  <div
    class="clabs--split-panel"
  >
    <div
      class="clabs--split-panel__content--horizontal clabs--split-panel__content--gap-default"
      style="--clabs--split-panel-before-size: 0.5fr; --clabs--split-panel-after-size: 0.5fr;"
    >
      <div
        class="clabs--split-panel__panel"
      >
        <div>
          before
        </div>
      </div>
      <div
        aria-orientation="horizontal"
        aria-valuemax="100"
        aria-valuemin="0"
        aria-valuenow="50"
        class="clabs--split-panel__handle--horizontal"
        data-key-shift-step="25"
        data-key-step="5"
        role="separator"
        tabindex="0"
      >
        <svg
          aria-hidden="true"
          class="clabs--split-panel__handle-icon"
          fill="currentColor"
          focusable="false"
          height="20"
          preserveAspectRatio="xMidYMid meet"
          viewBox="0 0 32 32"
          width="20"
          xmlns="http://www.w3.org/2000/svg"
        >
          <path
            d="M12 4L12 15 5.83 15 8.41 12.41 7 11 2 16 7 21 8.41 19.59 5.83 17 12 17 12 28 14 28 14 4 12 4zM25 11L23.59 12.41 26.17 15 20 15 20 4 18 4 18 28 20 28 20 17 26.17 17 23.59 19.59 25 21 30 16 25 11z"
          />
        </svg>
      </div>
      <div
        class="clabs--split-panel__panel"
      >
        <div>
          after
        </div>
      </div>
    </div>
  </div>
</div>
`;
